// Jest Snapshot v1, https://goo.gl/fbAQLP

exports[` 1`] = `
<Col
  key="1"
>
  <WeatherItem
    maxTemp={2}
    minTemp={1}
    weatherIcon="sn"
    weekDay="Tuesday"
  />
</Col>
`;

exports[`<WeatherDisplay /> should be able to render 1`] = `
<div>
  <h2
    className="locationLabel"
  >
    London
  </h2>
  <WithFetch
    Component={<WeatherDisplayData />}
    ErrorComponent={<WeatherError />}
    LoadingComponent={<WeatherLoading />}
    url="/api/location/1105"
  />
</div>
`;

exports[`<WeatherDisplayData /> should be able to render when has data 1`] = `
<Fragment>
  <Title
    text="undefined Weather"
  />
  <div
    className="weatherDisplay"
  >
    <Row />
  </div>
</Fragment>
`;

exports[`<WeatherDisplayData /> should be able to render when no data 1`] = `""`;

exports[`<WeatherError /> should be able to render 1`] = `"mock error"`;

exports[`<WeatherLoading /> should be able to render 1`] = `
<div
  className="weatherDisplay loading"
>
  <Spin
    size="large"
    spinning={true}
    wrapperClassName=""
  />
</div>
`;
